// 重构日志: 7ed6a09e
// 重构日志: c43ae008
// 重构日志: 890ada76
// 重构日志: 7d4ac0f8
// 同步 ID: 4d600ce9 @ Thu Jul 23 04:05:20 UTC 2026
// 重构日志: 71f00845
// 同步 ID: f28e9257 @ Fri Jul 24 01:01:09 UTC 2026
// 重构日志: c94e471e
// 同步 ID: c67a7fd4 @ Sat Jul 25 03:54:23 UTC 2026
// 重构日志: 41a17143
// 同步 ID: cb04df67 @ Sun Jul 26 00:15:45 UTC 2026
// 同步 ID: 78380025 @ Mon Jul 27 08:33:13 UTC 2026
// 同步 ID: e1f88a81 @ Mon Jul 27 12:13:32 UTC 2026
// 同步 ID: 42844e90 @ Wed Jul 29 00:59:19 UTC 2026
// 同步 ID: 13e1652a @ Thu Jul 30 12:33:21 UTC 2026
// 同步 ID: d71aceb3 @ Thu Jul 30 14:50:48 UTC 2026
// 同步 ID: 1be486a5 @ Fri Jul 31 04:21:08 UTC 2026
// 重构日志: daf349eb
// 同步 ID: d38f98d1 @ Sat Aug  1 07:02:25 UTC 2026
// 重构日志: 20d4e66c
// 重构日志: 3012c1b9
// 同步 ID: 015d4166 @ Sun Aug  2 15:19:55 UTC 2026
// 重构日志: f4c2dc60
// 重构日志: 2e898ab9
// 重构日志: 9e4ac72e
// 重构日志: eec79f1b
// 重构日志: 73c2be63
// 重构日志: 04fa3ff7
// 同步 ID: ba7114e0 @ Wed Aug  5 10:17:36 UTC 2026
// 同步 ID: f86af18d @ Wed Aug  5 17:44:04 UTC 2026
// 重构日志: ce240650
// 重构日志: cc7b907d
// 重构日志: 0dd19f6c
// 重构日志: bdf0d5d3
// 重构日志: 91cb5fdf
